================================================
Starting baseline experiments!
Model: iscan
Node size: 10
Graph type: ER
Number of datasets: 30
GPU range: 0-3
Start time: 2025-11-30 15:27:31
================================================

=== Preparing all 30 tasks ===
[2025-11-30 15:27:31] Preparing GPU 0: iscan dataset 1
[2025-11-30 15:27:31] Preparing GPU 0: iscan dataset 2
[2025-11-30 15:27:31] Preparing GPU 0: iscan dataset 4
[2025-11-30 15:27:31] Preparing GPU 0: iscan dataset 3
[2025-11-30 15:27:31] Preparing GPU 0: iscan dataset 5
[2025-11-30 15:27:31] Preparing GPU 0: iscan dataset 6
[2025-11-30 15:27:31] Preparing GPU 0: iscan dataset 7
[2025-11-30 15:27:31] Preparing GPU 1: iscan dataset 9
[2025-11-30 15:27:31] Preparing GPU 1: iscan dataset 8
[2025-11-30 15:27:31] Preparing GPU 1: iscan dataset 10
[2025-11-30 15:27:31] Preparing GPU 1: iscan dataset 11
[2025-11-30 15:27:31] Preparing GPU 1: iscan dataset 12
[2025-11-30 15:27:31] Preparing GPU 1: iscan dataset 13
[2025-11-30 15:27:31] Preparing GPU 1: iscan dataset 14
[2025-11-30 15:27:31] Preparing GPU 1: iscan dataset 15
[2025-11-30 15:27:31] Preparing GPU 2: iscan dataset 17
[2025-11-30 15:27:31] Preparing GPU 2: iscan dataset 19
[2025-11-30 15:27:31] Preparing GPU 2: iscan dataset 16
[2025-11-30 15:27:31] Preparing GPU 2: iscan dataset 18
[2025-11-30 15:27:31] Preparing GPU 2: iscan dataset 20
[2025-11-30 15:27:31] Preparing GPU 3: iscan dataset 29
[2025-11-30 15:27:31] Preparing GPU 3: iscan dataset 28
[2025-11-30 15:27:31] Preparing GPU 2: iscan dataset 22
[2025-11-30 15:27:31] Preparing GPU 3: iscan dataset 26
[2025-11-30 15:27:31] Preparing GPU 2: iscan dataset 21
[2025-11-30 15:27:31] Preparing GPU 3: iscan dataset 27
[2025-11-30 15:27:31] Preparing GPU 3: iscan dataset 23
[2025-11-30 15:27:31] Preparing GPU 3: iscan dataset 24
[2025-11-30 15:27:31] Preparing GPU 3: iscan dataset 25
[2025-11-30 15:27:31] Preparing GPU 3: iscan dataset 30
All tasks prepared!
Waiting for all sessions to be ready (5 seconds)...

================================================
🚀 STARTING ALL 30 EXPERIMENTS SIMULTANEOUSLY!
Model: iscan
Start time: 2025-11-30 15:27:36
================================================

Monitoring progress... (Press Ctrl+C to stop monitoring, experiments will continue)

Experiments are running in background tmux sessions.

Useful commands:
  - List sessions:    tmux ls | grep baseline_iscan
  - Attach to session: tmux attach -t baseline_iscan_gpu0_10_ER_0
  - Kill all sessions: tmux kill-session -t baseline_iscan_gpu{0..3}*

